node.exe : X [ERRO
R] No matching exp
ort in "node_modul
es/markmap-common/
dist/index.mjs" fo
r import "childSel
ector"
発生場所 D:\Program Fi
les\nodejs\npx.ps1
:29 文字:3
+   & $NODE_EXE $N
PX_CLI_JS $args
+   ~~~~~~~~~~~~~~
~~~~~~~~~~~~~~~
    + CategoryInf 
   o          :   
  NotSpecified:   
  (X [ERROR] N    
o ma..."child    S
elector":Str    in
g) [], Remo    teE
xception
    + FullyQualif 
   iedErrorId :   
  NativeCommand   
 Error
 

    node_modules/m
arkmap-view/dist/i
ndex.js:1:81:
      1 笏・...ass a
s ct, walkTree as 
M, childSelector a
s C, noop as T } f
rom "...
        笊ｵ        
                  
    ~~~~~~~~~~~~~

1 error
node:child_process
:927
    throw err;
    ^

Error: Command fai
led: D:\Games\VSCo
de\Extension\markd
own-preview-plus\n
ode_modules\@esbui
ld\win32-x64\esbui
ld.exe ./src/markm
ap.js --bundle --o
utfile=dist/markma
p.js --format=iife
 --platform=browse
r
    at genericNode
Error (node:intern
al/errors:983:15)
    at wrappedFn (
node:internal/erro
rs:537:14)
    at checkExecSy
ncError (node:chil
d_process:888:11)
    at Object.exec
FileSync (node:chi
ld_process:924:15)
    at Object.<ano
nymous> (D:\Games\
VSCode\Extension\m
arkdown-preview-pl
us\node_modules\es
build\bin\esbuild:
219:28)
    at Module._com
pile (node:interna
l/modules/cjs/load
er:1546:14)
    at Object..js 
(node:internal/mod
ules/cjs/loader:16
89:10)
    at Module.load
 (node:internal/mo
dules/cjs/loader:1
318:32)
    at Function._l
oad (node:internal
/modules/cjs/loade
r:1128:12)
    at TracingChan
nel.traceSync (nod
e:diagnostics_chan
nel:315:14) {
  status: 1,
  signal: null,
  output: [ null, 
null, null ],
  pid: 20424,
  stdout: null,
  stderr: null
}

Node.js v22.11.0
